// Jest Snapshot v1, https://goo.gl/fbAQLP

exports[`Snapshot Test Testing Footer 1`] = `
Array [
  <hr />,
  <center>
    <h3>
      Â© Developer Funnel 
       
    </h3>
  </center>,
]
`;
